// Jest Snapshot v1, https://goo.gl/fbAQLP

exports[`Forecast Result index page should match the snapshot 1`] = `
<DocumentFragment>
  <div
    class="Website"
  >
    <header
      class="Website-header"
    >
      <img
        alt="logo"
        class="Website-logo"
        src="logo.svg"
      />
      <h1>
        Work in progress
      </h1>
    </header>
  </div>
</DocumentFragment>
`;
